<div>
	<p>title #0</p>
	<p>title #1</p>
</div>

<div>
	<p>title #0</p>

	<div>
		<p>title #1</p>

		<div>
			<p>title #2</p>
		</div>

		<p>title #3</p>
	</div>
</div>

<div>
	<p>title #0</p>
	<p>title #1</p>
</div>

<div>
	<p>title #1</p>

	<div>
		<p>title #4</p>
	</div>
</div>
